---
source: cargo-dist/tests/cli-tests.rs
expression: format_outputs(&output)
---
stdout:
Shippable packaging for Rust.

When run without a subcommand, `cargo dist` will invoke the `build` subcommand. See `cargo dist help build` for more details.

Usage: cargo dist [OPTIONS]
       cargo dist <COMMAND>

Commands:
  build
          Build distributables for the current platform
  init
          Initialize default settings in your Cargo.toml
  generate-ci
          Generate CI scripts for orchestrating cargo-dist
  help
          Print this message or the help of the given subcommand(s)

Options:
  -h, --help
          Print help information (use `-h` for a summary)

  -V, --version
          Print version information

GLOBAL OPTIONS:
      --verbose <VERBOSE>
          How verbose logging should be (log level)
          
          [default: warn]
          [possible values: off, error, warn, info, debug, trace]

      --output-format <OUTPUT_FORMAT>
          The format of the output
          
          [default: human]
          [possible values: human, json]

stderr:

