---
source: cargo-dist/tests/cli-tests.rs
expression: format_outputs(&output)
---
stdout:
{"diagnostic": {"message": "This workspace doesn't have anything for cargo-dist to Release!","severity": "error","causes": [],"labels": [],"related": []}}

stderr:
  Ã— This workspace doesn't have anything for cargo-dist to Release!


